[backblue.gif]
[fade.gif]
[index.html]
[prismlauncher.org/img/favicon.png]
[prismlauncher.org/sitemap-index.xml]
[prismlauncher.org/_astro/linux_light.jDSJ-320_Z4bxe5.avif]
[prismlauncher.org/_astro/linux_light.jDSJ-320_6p5Xo.webp]
[prismlauncher.org/_astro/linux_light.jDSJ-320_Z2wzXS8.png]
[prismlauncher.org/_astro/linux_dark.h_D7aY-K_ZX8iLM.avif]
[prismlauncher.org/_astro/linux_dark.h_D7aY-K_lfFO7.webp]
[prismlauncher.org/_astro/linux_dark.h_D7aY-K_2o8X8m.png]
[prismlauncher.org/_astro/macos_light.DsHvr0g__Z19aYFl.avif]
[prismlauncher.org/_astro/macos_light.DsHvr0g__fvBd8.webp]
[prismlauncher.org/_astro/macos_light.DsHvr0g__ZvkLIr.png]
[prismlauncher.org/_astro/macos_dark.hWoSr1Ve_18aIna.avif]
[prismlauncher.org/_astro/macos_dark.hWoSr1Ve_1uW8JQ.webp]
[prismlauncher.org/_astro/macos_dark.hWoSr1Ve_np5S.png]
[prismlauncher.org/_astro/windows_light.D6whDre0_Z10OOPT.avif]
[prismlauncher.org/_astro/windows_light.D6whDre0_Z1O7XjR.webp]
[prismlauncher.org/_astro/windows_light.D6whDre0_ZI2pjI.png]
[prismlauncher.org/_astro/windows_dark.t1CRgger_ZMvvGI.avif]
[prismlauncher.org/_astro/windows_dark.t1CRgger_Zu5JaU.webp]
[prismlauncher.org/_astro/windows_dark.t1CRgger_ZVVSLe.png]
[prismlauncher.org/_astro/pack-install_light.BmIXRhrQ_Z2uyvDi.avif]
[prismlauncher.org/_astro/pack-install_light.BmIXRhrQ_ZMRA9G.webp]
[prismlauncher.org/_astro/pack-install_light.BmIXRhrQ_Z24gEaX.png]
[prismlauncher.org/_astro/pack-install_dark.DUO5iW2q_Z1LcPm6.avif]
[prismlauncher.org/_astro/pack-install_dark.DUO5iW2q_Je3U9.webp]
[prismlauncher.org/_astro/pack-install_dark.DUO5iW2q_Z7iboK.png]
[prismlauncher.org/_astro/pack-update_light.DQ2IXg8Z_Z257bIX.avif]
[prismlauncher.org/_astro/pack-update_light.DQ2IXg8Z_qjHxh.webp]
[prismlauncher.org/_astro/pack-update_light.DQ2IXg8Z_ZqcwLC.png]
[prismlauncher.org/_astro/pack-update_dark.BYX7DikN_9uunj.avif]
[prismlauncher.org/_astro/pack-update_dark.BYX7DikN_Z23D3im.webp]
[prismlauncher.org/_astro/pack-update_dark.BYX7DikN_Zrgust.png]
[prismlauncher.org/_astro/mod-install_light.CGJuBk7W_Z1icJ64.avif]
[prismlauncher.org/_astro/mod-install_light.CGJuBk7W_1deabb.webp]
[prismlauncher.org/_astro/mod-install_light.CGJuBk7W_lGTQh.png]
[prismlauncher.org/_astro/mod-install_dark.CT2tHrB6_Z1qJq9i.avif]
[prismlauncher.org/_astro/mod-install_dark.CT2tHrB6_1qj9XX.webp]
[prismlauncher.org/_astro/mod-install_dark.CT2tHrB6_Z22vq05.png]
[prismlauncher.org/_astro/mod-update_light.Clfo4Pji_Z4rOxN.avif]
[prismlauncher.org/_astro/mod-update_light.Clfo4Pji_Z2hAnet.webp]
[prismlauncher.org/_astro/mod-update_light.Clfo4Pji_ZFdOoA.png]
[prismlauncher.org/_astro/mod-update_dark.C7zA30XZ_Z1Tpvhp.avif]
[prismlauncher.org/_astro/mod-update_dark.C7zA30XZ_ZuHTnV.webp]
[prismlauncher.org/_astro/mod-update_dark.C7zA30XZ_Z1gzikv.png]
[prismlauncher.org/_astro/instance-settings_light.C1emvG9A_18z38h.avif]
[prismlauncher.org/_astro/instance-settings_light.C1emvG9A_1rPaGr.webp]
[prismlauncher.org/_astro/instance-settings_light.C1emvG9A_ZcI0Ja.png]
[prismlauncher.org/_astro/instance-settings_dark.VwPQ_hgz_1TDQYm.avif]
[prismlauncher.org/_astro/instance-settings_dark.VwPQ_hgz_Z2MUqJ.webp]
[prismlauncher.org/_astro/instance-settings_dark.VwPQ_hgz_Zg59QO.png]
[prismlauncher.org/_astro/themes_dark.D786xeAp_Z2u3V1O.avif]
[prismlauncher.org/_astro/themes_dark.D786xeAp_Z2jshOl.webp]
[prismlauncher.org/_astro/themes_dark.D786xeAp_7IL84.png]
[hosted.weblate.org/widget/prismlauncher/open-graph.png]
[uploads-ssl.webflow.com/5ac3c046c82724970fc60918/5c019d917bba312af7553b49_MacStadium-developerlogo.png]
[prismlauncher.org/index.html]
[prismlauncher.org/_astro/inter-cyrillic-ext-wght-normal.BOeWTOD4.woff2]
[prismlauncher.org/_astro/inter-cyrillic-wght-normal.DqGufNeO.woff2]
[prismlauncher.org/_astro/inter-greek-ext-wght-normal.DlzME5K_.woff2]
[prismlauncher.org/_astro/inter-greek-wght-normal.CkhJZR-_.woff2]
[prismlauncher.org/_astro/inter-vietnamese-wght-normal.CBcvBZtf.woff2]
[prismlauncher.org/_astro/inter-latin-ext-wght-normal.DO1Apj_S.woff2]
[prismlauncher.org/_astro/linux.fLt4N3nt.css]
[prismlauncher.org/_astro/inter-latin-wght-normal.Dx4kXJAl.woff2]
[prismlauncher.org/_astro/page.B1D-nYk3.js]
[prismlauncher.org/img/background/prism-backgroundLight.svg]
[prismlauncher.org/img/background/prism-backgroundDark.svg]
[prismlauncher.org/img/logo-textDark.svg]
[prismlauncher.org/img/logo-textLight.svg]
[prismlauncher.org/news/index.html]
[prismlauncher.org/feed/feed.xml]
[prismlauncher.org/about/index.html]
[prismlauncher.org/wiki/index.html]
[prismlauncher.org/download/windows/index.html]
[prismlauncher.org/_astro/DownloadButton.astro_astro_type_script_index_0_lang.zTSYEuHC.js]
[prismlauncher.org/_astro/HeroSection.astro_astro_type_script_index_0_lang.B_PIgWqd.js]
[prismlauncher.org/_astro/DownloadLink.astro_astro_type_script_index_0_lang.Z1v9IQlU.js]
[prismlauncher.org/img/org.prismlauncher.PrismLauncher.logo-dark.html]
[prismlauncher.org/news/tag/Release.html]
[prismlauncher.org/news/tag/News.html]
[prismlauncher.org/news/tag/Authentication.html]
[prismlauncher.org/news/tag/MultiMC.html]
[prismlauncher.org/news/tag/Feature.html]
[prismlauncher.org/news/release-11.1.1/index.html]
[prismlauncher.org/news/release-11.1.0/index.html]
[prismlauncher.org/news/release-11.0.3/index.html]
[prismlauncher.org/news/release-11.0.2/index.html]
[prismlauncher.org/news/release-11.0.1/index.html]
[prismlauncher.org/news/release-11/index.html]
[prismlauncher.org/img/news/increasing-safety/age-verify.png]
[prismlauncher.org/news/increasing-safety/index.html]
[prismlauncher.org/news/release-10.0.5/index.html]
[prismlauncher.org/news/flatpak-nightly/index.html]
[prismlauncher.org/news/discord-link-alert/index.html]
[prismlauncher.org/news/release-10.0.2/index.html]
[prismlauncher.org/news/release-10.0.1/index.html]
[prismlauncher.org/news/release-10/index.html]
[prismlauncher.org/img/news/pride-showcase-2025/snapper.png]
[prismlauncher.org/img/news/pride-showcase-2025/xenia-foxpack.png]
[prismlauncher.org/img/news/pride-showcase-2025/pride-harnesses.png]
[prismlauncher.org/img/news/pride-showcase-2025/allium.png]
[prismlauncher.org/img/news/pride-showcase-2025/everybody-loves-hives.png]
[prismlauncher.org/img/news/pride-showcase-2025/glorp.webp]
[prismlauncher.org/news/pride-showcase-2025-4/index.html]
[prismlauncher.org/img/news/pride-showcase-2025/everybody-loves-bees.png]
[prismlauncher.org/img/news/pride-showcase-2025/e4mc.png]
[prismlauncher.org/img/news/pride-showcase-2025/happy-pride-moth.png]
[prismlauncher.org/news/pride-showcase-2025-3/index.html]
[prismlauncher.org/img/news/pride-showcase-2025/undopia-bees.png]
[prismlauncher.org/img/news/pride-showcase-2025/tiertagger.webp]
[prismlauncher.org/img/news/pride-showcase-2025/create-estrogen.png]
[prismlauncher.org/img/news/pride-showcase-2025/too-many-shortcuts.png]
[prismlauncher.org/img/news/pride-showcase-2025/joy.png]
[prismlauncher.org/news/pride-showcase-2025-2/index.html]
[prismlauncher.org/img/news/pride-showcase-2025/pridepack.png]
[prismlauncher.org/img/news/pride-showcase-2025/pridegui-inv.png]
[prismlauncher.org/img/news/pride-showcase-2025/blahaj.png]
[prismlauncher.org/img/news/pride-showcase-2025/all-inclusive-hay-bales.png]
[prismlauncher.org/img/news/pride-showcase-2025/amethyst.png]
[prismlauncher.org/news/pride-showcase-2025-1/index.html]
[prismlauncher.org/news/pride-month-2025/index.html]
[prismlauncher.org/news/release-9.4/index.html]
[prismlauncher.org/img/news/release-9.3/i-am-steve.webm]
[prismlauncher.org/news/release-9.3/index.html]
[prismlauncher.org/img/news/prism-premium/prism-premium.png]
[prismlauncher.org/news/prism-premium/index.html]
[prismlauncher.org/news/leavingtwitter/index.html]
[prismlauncher.org/news/release-9.2/index.html]
[prismlauncher.org/news/release-9.1/index.html]
[prismlauncher.org/news/release-9.0/index.html]
[prismlauncher.org/news/release-8.4/index.html]
[prismlauncher.org/news/login-isues-10-06-24/index.html]
[prismlauncher.org/news/release-8.3/index.html]
[prismlauncher.org/news/release-8.1/index.html]
[prismlauncher.org/news/release-8.2/index.html]
[prismlauncher.org/news/release-8.0/index.html]
[prismlauncher.org/news/bleedingpipe-alert/index.html]
[prismlauncher.org/news/release-7.2/index.html]
[prismlauncher.org/news/release-7.1/index.html]
[prismlauncher.org/img/news/ftb-removal/request1.png]
[prismlauncher.org/img/news/ftb-removal/request2.png]
[prismlauncher.org/img/news/ftb-removal/request3.png]
[prismlauncher.org/img/news/ftb-removal/request4.png]
[prismlauncher.org/img/news/ftb-removal/request5.png]
[prismlauncher.org/img/news/ftb-removal/request6.png]
[prismlauncher.org/img/news/ftb-removal/request7.png]
[prismlauncher.org/img/news/ftb-removal/request8.png]
[prismlauncher.org/news/ftb-removal/index.html]
[prismlauncher.org/news/release-7.0/index.html]
[prismlauncher.org/img/news/cf-compromised/check_cf.sh]
[prismlauncher.org/news/cf-compromised-alert/index.html]
[prismlauncher.org/news/release-6.2/index.html]
[prismlauncher.org/news/release-6.3/index.html]
[prismlauncher.org/news/release-6.1/index.html]
[prismlauncher.org/news/release-6.0/index.html]
[prismlauncher.org/news/release-5.2/index.html]
[prismlauncher.org/news/release-5.1/index.html]
[prismlauncher.org/news/release-5.0/index.html]
[prismlauncher.org/news/release-1.4.2/index.html]
[prismlauncher.org/news/release-1.4.1/index.html]
[prismlauncher.org/news/release-1.4.0/index.html]
[prismlauncher.org/news/release-1.3.2/index.html]
[prismlauncher.org/news/release-1.3.1/index.html]
[prismlauncher.org/news/release-1.3.0/index.html]
[prismlauncher.org/news/release-1.2.2/index.html]
[prismlauncher.org/news/release-1.2.1/index.html]
[prismlauncher.org/news/release-1.2.0/index.html]
[prismlauncher.org/news/release-1.1.1/index.html]
[prismlauncher.org/news/release-1.1.0/index.html]
[prismlauncher.org/img/news/moving-on/discord.png]
[prismlauncher.org/news/moving-on/index.html]
[user-images.githubusercontent.com/81902668/152801619-8d826540-2467-4973-9488-f6afcb7ba804.png]
[user-images.githubusercontent.com/81902668/152801625-e7ad87f7-464f-49a2-ab4f-116f592acec1.png]
[prismlauncher.org/news/mod-download/index.html]
[prismlauncher.org/news/new-maintainers/index.html]
[prismlauncher.org/favicon.html]
[prismlauncher.org/_astro/print.DNXP8c50.css]
[prismlauncher.org/_astro/index.DUcpU6Fg.css]
[prismlauncher.org/_astro/logo-textDark.Bublo_l2.svg]
[prismlauncher.org/_astro/logo-textLight.BE3zdWWc.svg]
[prismlauncher.org/_astro/Search.astro_astro_type_script_index_0_lang.CJiOmi4V.js]
[prismlauncher.org/_astro/logo.CWs3Bi2E_Z1HYzg2.svg]
[prismlauncher.org/wiki/getting-started/installing-prismlauncher/index.html]
[prismlauncher.org/download/macos/index.html]
[prismlauncher.org/img/Steam_Deck_PrismLauncher_1.jpg]
[prismlauncher.org/img/Steam_Deck_PrismLauncher_2.jpg]
[prismlauncher.org/img/Steam_Deck_PrismLauncher_3.jpg]
[prismlauncher.org/download/steam-deck/index.html]
[prismlauncher.org/download/linux/index.html]
[prismlauncher.org/_astro/ec.r4g1j.css]
[prismlauncher.org/_astro/ec.0vx5m.js]
[prismlauncher.org/_astro/detectOS.Bpua89C5.js]
[prismlauncher.org/download/index.html]
[prismlauncher.org/privacy-policy.html]
[prismlauncher.org/wiki/development/development-builds/index.html]
[prismlauncher.org/wiki/overview/feedback-and-bugs/index.html]
[prismlauncher.org/wiki/overview/troubleshooting/index.html]
[prismlauncher.org/wiki/getting-started/catpacks/index.html]
[cdn.discordapp.com/attachments/1064872603237498930/1064899187130507284/Screenshot_2023-01-17_at_13.29.01.png]
[prismlauncher.org/img/news/cf-compromised/check_cf.ps1.html]
[cdn.discordapp.com/attachments/790275974503202857/1115801834746023946/image.png]
[cdn.discordapp.com/attachments/790275974503202857/1115801511411335228/image.png]
[chorb.is-from.space/DiscordPTB_gzDJsWklzc.html]
[cdn.discordapp.com/attachments/856652644113580072/1115811476591095908/image.png]
[prismlauncher.org/wiki/overview/faq/index.html]
[prismlauncher.org/_astro/org.prismlauncher.PrismLauncher.logo-dark.html]
[prismlauncher.org/_astro/ui-core.C0u4jL1_.js]
[prismlauncher.org/wiki/overview/coc/index.html]
[prismlauncher.org/wiki/overview/copying/index.html]
[prismlauncher.org/wiki/getting-started/installing-java/index.html]
[prismlauncher.org/wiki/getting-started/migrating-multimc/index.html]
[prismlauncher.org/wiki/getting-started/create-instance/index.html]
[prismlauncher.org/wiki/getting-started/download-modpacks/index.html]
[raw.githubusercontent.com/FabricMC/community/main/media/unascribed/png/fabric.png]
[prismlauncher.org/wiki/getting-started/download-mods/index.html]
[cdn.modrinth.com/data/AANobbMI/icon.png]
[cdn.modrinth.com/data/gvQqBUqZ/icon.png]
[raw.githubusercontent.com/IrisShaders/Iris/trunk/src/main/resources/assets/iris/iris-logo.png]
[cdn.modrinth.com/data/Orvt0mRa/icon.png]
[cdn.modrinth.com/data/H8CaAYZC/icon.png]
[raw.githubusercontent.com/skywardmc/art/main/additive/logo_512h.png]
[raw.githubusercontent.com/skywardmc/art/main/adrenaline/logo_512h.png]
[raw.githubusercontent.com/neoforged/websites/66732fa21e1a0d7b73df5c2f18a5345bbe13871f/assets/img/content/branding/icon.png]
[raw.githubusercontent.com/FiniteReality/embeddium/aa6657df4eaea8bdfa6243233c893207f5b7f8b4/src/main/resources/icon.png]
[raw.githubusercontent.com/Reforged-Hub/radium-upstream/40739dc656c8bd2d580b5b15d8de89593c3e9c05/src/main/resources/icon.png]
[raw.githubusercontent.com/Asek3/Oculus/f59f6932eb20e00d123b36d5976d6ecd80b98b41/src/main/resources/oculus-logo.png]
[raw.githubusercontent.com/skywardmc/art/main/hammer/logo_512h.png]
[raw.githubusercontent.com/skywardmc/art/main/drill/logo_512h.png]
[prismlauncher.org/wiki/getting-started/install-of-alternatives/index.html]
[prismlauncher.org/wiki/getting-started/installing-optifine/index.html]
[prismlauncher.org/wiki/getting-started/change-themes/index.html]
[cdn.modrinth.com/data/DOUdJVEm/4f8cdb3933f9efa0c5dfd5574d3ad6b101c7f3ef.png]
[cdn-raw.modrinth.com/data/W1D3UXEc/icon.png]
[raw.githubusercontent.com/MrCrayfish/Controllable/6caef1a4ac113e5c6ac1d1abde0f0cabc3e6ad97/src/main/resources/controllable_icon.png]
[prismlauncher.org/wiki/getting-started/controller-support/index.html]
[prismlauncher.org/wiki/getting-started/command-line-interface/index.html]
[prismlauncher.org/wiki/getting-started/data-location/index.html]
[prismlauncher.org/img/screenshots/SettingsAPIsServicesDark.png]
[prismlauncher.org/img/screenshots/SettingsAPIsAPIKeysDark.png]
[prismlauncher.org/img/screenshots/SettingsAPIsMiscellaneousDark.png]
[prismlauncher.org/wiki/help-pages/apis/index.html]
[prismlauncher.org/img/screenshots/NewInstanceATLauncherDark.png]
[prismlauncher.org/wiki/help-pages/atl-platform/index.html]
[prismlauncher.org/img/screenshots/SettingsCustomCommandsDark.png]
[prismlauncher.org/wiki/help-pages/custom-commands/index.html]
[prismlauncher.org/img/screenshots/SettingsEnvironmentVariablesDark.png]
[prismlauncher.org/wiki/help-pages/environment-variables/index.html]
[prismlauncher.org/img/screenshots/NewInstanceCurseForgeDark.png]
[prismlauncher.org/wiki/help-pages/flame-platform/index.html]
[prismlauncher.org/img/screenshots/NewInstanceFTBDark.png]
[prismlauncher.org/wiki/help-pages/ftb-platform/index.html]
[prismlauncher.org/img/screenshots/CopyInstanceDark.png]
[prismlauncher.org/wiki/help-pages/instance-copy/index.html]
[prismlauncher.org/img/screenshots/InstanceVersionDark.png]
[prismlauncher.org/wiki/help-pages/instance-version/index.html]
[prismlauncher.org/img/screenshots/JavaSettingsDark.png]
[prismlauncher.org/img/screenshots/JavaSettingsMemoryDark.png]
[prismlauncher.org/img/screenshots/JavaSettingsJavaRuntimeDark.png]
[prismlauncher.org/img/screenshots/JavaSettingsManagementDark.png]
[prismlauncher.org/img/screenshots/JavaSettingsDownloadDark.png]
[prismlauncher.org/wiki/help-pages/java-settings/index.html]
[prismlauncher.org/img/screenshots/JavaWizardDark.png]
[prismlauncher.org/wiki/help-pages/java-wizard/index.html]
[prismlauncher.org/img/screenshots/SettingsLanguegeDark.png]
[prismlauncher.org/wiki/help-pages/language-settings/index.html]
[prismlauncher.org/img/screenshots/SettingsLauncherConsoleDark.png]
[prismlauncher.org/wiki/help-pages/launcher-settings/index.html]
[prismlauncher.org/img/screenshots/LoaderModsDark.png]
[prismlauncher.org/wiki/help-pages/loader-mods/index.html]
[prismlauncher.org/img/screenshots/SettingsMinecraftDark.png]
[prismlauncher.org/wiki/help-pages/minecraft-settings/index.html]
[prismlauncher.org/img/screenshots/ModInstallDark.png]
[prismlauncher.org/wiki/help-pages/mod-platform/index.html]
[prismlauncher.org/img/screenshots/NewInstanceModrinthDark.png]
[prismlauncher.org/wiki/help-pages/modrinth-platform/index.html]
[prismlauncher.org/img/screenshots/InstanceNotesDark.png]
[prismlauncher.org/wiki/help-pages/notes/index.html]
[prismlauncher.org/img/screenshots/SettingsProxyDark.png]
[prismlauncher.org/wiki/help-pages/proxy-settings/index.html]
[prismlauncher.org/img/screenshots/InstanceScreenshotsDark.png]
[prismlauncher.org/wiki/help-pages/screenshots-management/index.html]
[prismlauncher.org/img/screenshots/NewInstanceTechnicDark.png]
[prismlauncher.org/wiki/help-pages/technic-platform/index.html]
[prismlauncher.org/img/screenshots/SettingsExternalToolsDark.png]
[prismlauncher.org/wiki/help-pages/tools/index.html]
[prismlauncher.org/img/screenshots/NewInstanceVanillaDark.png]
[prismlauncher.org/wiki/help-pages/vanilla-platform/index.html]
[prismlauncher.org/img/screenshots/InstanceWorldsDark.png]
[prismlauncher.org/wiki/help-pages/worlds/index.html]
[prismlauncher.org/img/screenshots/NewInstanceImportFromZipDark.png]
[prismlauncher.org/wiki/help-pages/zip-import/index.html]
[prismlauncher.org/wiki/branding/index.html]
[prismlauncher.org/wiki/development/build-instructions/index.html]
[prismlauncher.org/wiki/development/ides-and-tooling/index.html]
[prismlauncher.org/_astro/MobileTableOfContents.astro_astro_type_script_index_0_lang.hwBsy0Mo.js]
[prismlauncher.org/_astro/TableOfContents.astro_astro_type_script_index_0_lang.FuRcXuRY.js]
[prismlauncher.org/_astro/download.astro_astro_type_script_index_0_lang.DLdv3tUl.js]
[prismlauncher.org/translations/ar.json.html]
[prismlauncher.org/translations/bn.json.html]
[prismlauncher.org/translations/ca.json.html]
[prismlauncher.org/translations/cs.json.html]
[prismlauncher.org/translations/da.json.html]
[prismlauncher.org/translations/de.json.html]
[prismlauncher.org/translations/el.json.html]
[prismlauncher.org/translations/en.json.html]
[prismlauncher.org/translations/es.json.html]
[prismlauncher.org/translations/eu.json.html]
[prismlauncher.org/translations/fa.json.html]
[prismlauncher.org/translations/fi.json.html]
[prismlauncher.org/translations/fr.json.html]
[prismlauncher.org/translations/gl.json.html]
[prismlauncher.org/translations/he.json.html]
[prismlauncher.org/translations/hi.json.html]
[prismlauncher.org/translations/hr.json.html]
[prismlauncher.org/translations/hu.json.html]
[prismlauncher.org/translations/id.json.html]
[prismlauncher.org/translations/it.json.html]
[prismlauncher.org/translations/ja.json.html]
[prismlauncher.org/translations/ko.json.html]
[prismlauncher.org/translations/mi.json.html]
[prismlauncher.org/translations/my.json.html]
[prismlauncher.org/translations/nb.json.html]
[prismlauncher.org/translations/nl.json.html]
[prismlauncher.org/translations/nn.json.html]
[prismlauncher.org/translations/no.json.html]
[prismlauncher.org/translations/pl.json.html]
[prismlauncher.org/translations/pt.json.html]
[prismlauncher.org/translations/ro.json.html]
[prismlauncher.org/translations/ru.json.html]
[prismlauncher.org/translations/sr.json.html]
[prismlauncher.org/translations/sv.json.html]
[prismlauncher.org/translations/sw.json.html]
[prismlauncher.org/translations/ta.json.html]
[prismlauncher.org/translations/th.json.html]
[prismlauncher.org/translations/tr.json.html]
[prismlauncher.org/translations/uk.json.html]
[prismlauncher.org/translations/vi.json.html]
[prismlauncher.org/translations/zh-cn.json.html]
[prismlauncher.org/translations/zh-tw.json.html]
[prismlauncher.org/wiki/help-pages/Minecraft-settings/index-2.html]
[prismlauncher.org/wiki/help-pages/getting-started/installing-java.html]
[prismlauncher.org/wiki/help-pages/java-wizard/Java-settings.html]
[prismlauncher.org/public/img/screenshots/SettingsLauncherFeaturesDark.html]
[prismlauncher.org/public/img/screenshots/SettingsLauncherUserInterfaceDark.html]
